[assembly: System.Reflection.AssemblyMetadata("RepositoryUrl", "https://github.com/mauroservienti/NServiceBus.Extensions.EndpointStarted.git")]
[assembly: System.Runtime.Versioning.TargetFramework(".NETCoreApp,Version=v6.0", FrameworkDisplayName=".NET 6.0")]
namespace NServiceBus
{
    public static class OnEndpointStartedEndpointConfigurationExtensions
    {
        public static void OnEndpointStarted(this NServiceBus.EndpointConfiguration configuration, System.Func<NServiceBus.IMessageSession, System.Threading.Tasks.Task> onEndpointStarted) { }
        public static void OnEndpointStarted(this NServiceBus.EndpointConfiguration configuration, System.Func<NServiceBus.IMessageSession, System.IServiceProvider, System.Threading.Tasks.Task> onEndpointStarted) { }
    }
}